bash run_sbatch_with_gpu.sh --train=46 --test=128 --dev=46 --epochs=27 --learning=0.00023674680939341937 --hidden=2098 --dropout1=0.20903331072893405 --dropout2=0.20903331072893405 --dropout3=0.20903331072893405 --dropout4=0.20903331072893405 --dropout5=0.20903331072893405 --dropout6=0.20903331072893405
UUID=f34a0389-7af6-4dd7-87a1-fb76cbaf6ede
STDOUT=/scratch/ws/s3811141-ds/TrainDeepSpeechGerman//stdout_levenshtein/f34a0389-7af6-4dd7-87a1-fb76cbaf6ede
CLIPDIR=/scratch/ws/s3811141-ds/TrainDeepSpeechGerman//dstrain/clips/
TRAINBATCHSIZE=46
TESTBATCHSIZE=128
DEVBATCHSIZE=46
EPOCHS=27
LIMITTRAIN=500
LIMITTEST=0
LIMITDEV=0
SCRATCHDIR=/scratch/ws/s3811141-ds/TrainDeepSpeechGerman/
CHECKPOINTS=/scratch/ws/s3811141-ds/TrainDeepSpeechGerman//rundata_cer//TRAIN_46_TEST128_DEV46_LEARNING0.00023674680939341937_HIDDEN2098_LTRAIN500_LTEST0_LDEV0_0.20903331072893405_0.20903331072893405_0.20903331072893405_0.20903331072893405_0.20903331072893405_0.20903331072893405//checkpoints/
MODELS=/scratch/ws/s3811141-ds/TrainDeepSpeechGerman//rundata_cer//TRAIN_46_TEST128_DEV46_LEARNING0.00023674680939341937_HIDDEN2098_LTRAIN500_LTEST0_LDEV0_0.20903331072893405_0.20903331072893405_0.20903331072893405_0.20903331072893405_0.20903331072893405_0.20903331072893405//models/
TENSORBOARD=/scratch/ws/s3811141-ds/TrainDeepSpeechGerman//rundata_cer//TRAIN_46_TEST128_DEV46_LEARNING0.00023674680939341937_HIDDEN2098_LTRAIN500_LTEST0_LDEV0_0.20903331072893405_0.20903331072893405_0.20903331072893405_0.20903331072893405_0.20903331072893405_0.20903331072893405//tensorboard/
IMAGE=/scratch/ws/s3811141-ds/TrainDeepSpeechGerman/cudatest/container_withTF.sif
FEATURECACHE=/scratch/ws/s3811141-ds/TrainDeepSpeechGerman//rundata_cer//TRAIN_46_TEST128_DEV46_LEARNING0.00023674680939341937_HIDDEN2098_LTRAIN500_LTEST0_LDEV0_0.20903331072893405_0.20903331072893405_0.20903331072893405_0.20903331072893405_0.20903331072893405_0.20903331072893405//featurecache/
HIDDEN=2098
LEARNINGRATE=0.00023674680939341937
SCORER=/scratch/ws/s3811141-ds/TrainDeepSpeechGerman/de_kenlm.scorer
THISRUNDIR=/scratch/ws/s3811141-ds/TrainDeepSpeechGerman//rundata_cer//TRAIN_46_TEST128_DEV46_LEARNING0.00023674680939341937_HIDDEN2098_LTRAIN500_LTEST0_LDEV0_0.20903331072893405_0.20903331072893405_0.20903331072893405_0.20903331072893405_0.20903331072893405_0.20903331072893405/
DROPOUT1=0.20903331072893405
DROPOUT2=0.20903331072893405
DROPOUT3=0.20903331072893405
DROPOUT4=0.20903331072893405
DROPOUT5=0.20903331072893405
DROPOUT6=0.20903331072893405
D Session opened.
I Could not find best validating checkpoint.
I Could not find most recent checkpoint.
I Initializing all variables.
I STARTING Optimization
Epoch 0 |   Training | Elapsed Time: 0:00:00 | Steps: 0 | Loss: 0.000000
Epoch 0 |   Training | Elapsed Time: 0:00:10 | Steps: 1 | Loss: 236.933258
Epoch 0 |   Training | Elapsed Time: 0:00:10 | Steps: 2 | Loss: 159.189205
Epoch 0 |   Training | Elapsed Time: 0:00:11 | Steps: 3 | Loss: 146.511597
Epoch 0 |   Training | Elapsed Time: 0:00:11 | Steps: 4 | Loss: 129.959061
-------------------------------------------------------------------------------
WER: 2.000000, CER: 0.470588, loss: 18.804089
 - wav: file:///scratch/ws/s3811141-ds/TrainDeepSpeechGerman/dstrain/clips/common_voice_de_17638829.wav
 - src: "nichtmal angucken"
 - res: "ich war an gruppen"
--------------------------------------------------------------------------------
WER: 2.333333, CER: 0.188679, loss: 48.074318
 - wav: file:///scratch/ws/s3811141-ds/TrainDeepSpeechGerman/dstrain/clips/common_voice_de_18668590.wav
 - src: "flugverkehrskontrollfreigaben sind polizeiverf端gungen"
 - res: "f端r verkehrs control freigaben sind polizei verf端gen in"
--------------------------------------------------------------------------------
WER: 2.500000, CER: 0.440000, loss: 28.849859
 - wav: file:///scratch/ws/s3811141-ds/TrainDeepSpeechGerman/dstrain/clips/common_voice_de_18046537.wav
 - src: "dialogstatus zur端cksetzen"
 - res: "ihr lux status druck setzen"
--------------------------------------------------------------------------------
WER: 4.000000, CER: 2.500000, loss: 106.604279
 - wav: file:///scratch/ws/s3811141-ds/TrainDeepSpeechGerman/dstrain/clips/common_voice_de_18208163.wav
 - src: "kikeriki"
 - res: "die kleriker so verzeichnen"
--------------------------------------------------------------------------------
I Exporting the model...
I Loading best validating checkpoint from /scratch/ws/s3811141-ds/TrainDeepSpeechGerman//rundata_cer//TRAIN_46_TEST128_DEV46_LEARNING0.00023674680939341937_HIDDEN2098_LTRAIN500_LTEST0_LDEV0_0.20903331072893405_0.20903331072893405_0.20903331072893405_0.20903331072893405_0.20903331072893405_0.20903331072893405//checkpoints/best_dev-5820
I Loading variable from checkpoint: cudnn_lstm/rnn/multi_rnn_cell/cell_0/cudnn_compatible_lstm_cell/bias
I Loading variable from checkpoint: cudnn_lstm/rnn/multi_rnn_cell/cell_0/cudnn_compatible_lstm_cell/kernel
I Loading variable from checkpoint: layer_1/bias
I Loading variable from checkpoint: layer_1/weights
I Loading variable from checkpoint: layer_2/bias
I Loading variable from checkpoint: layer_2/weights
I Loading variable from checkpoint: layer_3/bias
I Loading variable from checkpoint: layer_3/weights
I Loading variable from checkpoint: layer_5/bias
I Loading variable from checkpoint: layer_5/weights
I Loading variable from checkpoint: layer_6/bias
I Loading variable from checkpoint: layer_6/weights
I Models exported at /scratch/ws/s3811141-ds/TrainDeepSpeechGerman//rundata_cer//TRAIN_46_TEST128_DEV46_LEARNING0.00023674680939341937_HIDDEN2098_LTRAIN500_LTEST0_LDEV0_0.20903331072893405_0.20903331072893405_0.20903331072893405_0.20903331072893405_0.20903331072893405_0.20903331072893405//models/
I Model metadata file saved to /scratch/ws/s3811141-ds/TrainDeepSpeechGerman//rundata_cer//TRAIN_46_TEST128_DEV46_LEARNING0.00023674680939341937_HIDDEN2098_LTRAIN500_LTEST0_LDEV0_0.20903331072893405_0.20903331072893405_0.20903331072893405_0.20903331072893405_0.20903331072893405_0.20903331072893405//models/author_model_0.0.1.md. Before submitting the exported model for publishing make sure all information in the metadata file is correct, and complete the URL fields.
CERAVG: 0.232519665992964
LEVENSHTEINAVG: 13.4456171869152
LEVENSHTEINMEDIAN: 11
RESULT: 0.232519665992964
/scratch/ws/s3811141-ds/TrainDeepSpeechGerman//rundata_cer//TRAIN_46_TEST128_DEV46_LEARNING0.00023674680939341937_HIDDEN2098_LTRAIN500_LTEST0_LDEV0_0.20903331072893405_0.20903331072893405_0.20903331072893405_0.20903331072893405_0.20903331072893405_0.20903331072893405/models/output_graph.pb /scratch/ws/s3811141-ds/TrainDeepSpeechGerman//models_cer//0.232519665992964.output_graph.pb
RESULT: 0.232519665992964
